╭─ rival · config ───┬────────────────────────────────────────────────────────────────────────────────────────────── ~/.rival/config.yaml ─╮|
│                    │  REVIEW   the security review and the skills                                                                        │|
│   Proxy            │                                                                                                                     │|
│   Models           │  ▸ Security reviewer   ‹ k3 › ←→   Kimi K3 through OpenCode                                                         │|
│ ▸ Review           │                        the model behind rival command security                                                      │|
│   Check            │    Auto-fix crit/high  ○ off   skills fix confirmed critical/high                                                   │|
│                    │                                                                                                                     │|
│                    │  ROLE PROMPTS   read-only                                                                                           │|
│                    │    reviewer    29 chars  Review like a staff engineer.                                                              │|
│                    │    edit roles: in ~/.rival/config.yaml                                                                              │|
│                    │                                                                                                                     │|
│                    │                                                                                                                     │|
│                    │                                                                                                                     │|
│                    │                                                                                                                     │|
│                    │                                                                                                                     │|
│                    │                                                                                                                     │|
│                    │                                                                                                                     │|
│                    │                                                                                                                     │|
│                    │                                                                                                                     │|
│                    │                                                                                                                     │|
│                    │                                                                                                                     │|
│                    │                                                                                                                     │|
│                    │                                                                                                                     │|
│                    │                                                                                                                     │|
│                    │                                                                                                                     │|
│                    │                                                                                                                     │|
│                    │                                                                                                                     │|
│                    │                                                                                                                     │|
│                    │                                                                                                                     │|
│                    │                                                                                                                     │|
│                    │                                                                                                                     │|
│                    │                                                                                                                     │|
│                    │                                                                                                                     │|
│                    │                                                                                                                     │|
├────────────────────┴─────────────────────────────────────────────────────────────────────────────────────────────────────────────────────┤|
│  CHECK   ● online · 6 models                                                                                                             │|
│  not run yet · c checks the default models on the draft, a every model                                                                   │|
├──────────────────────────────────────────────────────────────────────────────────────────────────────────────────────────────────────────┤|
│ tab section  ↑↓ field  ←→ choose  c check  a all  s save  ? help  esc back                                                               │|
╰──────────────────────────────────────────────────────────────────────────────────────────────────────────────────────────────────────────╯|
-- styles --
dddgggggdddTTTTTTddddddddddddddddddddddddddddddddddddddddddddddddddddddddddddddddddddddddddddddddddddddddddddddddddddddddddddddddddddddddddd|
d....................d..ggggggddddddddddddddddddddddddddddddddddddd........................................................................d|
d.ddttttt............d.....................................................................................................................d|
d.ddtttttt...........d.???????????????????????????????????????????????????????????????????????????????????????????????????????????????????.d|
dSSSSSSSSSSSSSSSSSSS.d........................ddddddddddddddddddddddddddddddddddddddd......................................................d|
d.ddttttt............d....dddddddddddddddddddddddddddddddddddddddddddddddddddddddddddddd...................................................d|
d....................d.....................................................................................................................d|
d....................d..DDDDDDDDDDDDdddddddddddd...........................................................................................d|
d....................d..ttttttttttttttddddddddddddddddddddddddddddddddddddddd..............................................................d|
d....................d..dddddddddddddddddtttttttttttttttttttt..............................................................................d|
d....................d.....................................................................................................................d|
d....................d.....................................................................................................................d|
d....................d.....................................................................................................................d|
d....................d.....................................................................................................................d|
d....................d.....................................................................................................................d|
d....................d.....................................................................................................................d|
d....................d.....................................................................................................................d|
d....................d.....................................................................................................................d|
d....................d.....................................................................................................................d|
d....................d.....................................................................................................................d|
d....................d.....................................................................................................................d|
d....................d.....................................................................................................................d|
d....................d.....................................................................................................................d|
d....................d.....................................................................................................................d|
d....................d.....................................................................................................................d|
d....................d.....................................................................................................................d|
d....................d.....................................................................................................................d|
d....................d.....................................................................................................................d|
d....................d.....................................................................................................................d|
d....................d.....................................................................................................................d|
d....................d.....................................................................................................................d|
d....................d.....................................................................................................................d|
d....................d.....................................................................................................................d|
d....................d.....................................................................................................................d|
dddddddddddddddddddddddddddddddddddddddddddddddddddddddddddddddddddddddddddddddddddddddddddddddddddddddddddddddddddddddddddddddddddddddddddd|
d..DDDDD...aaaaaaaaddddddddddd.............................................................................................................d|
d..ddddddddddddddadddddddddddddddddddddddddddddddddddddddddadddddddddddd...................................................................d|
dddddddddddddddddddddddddddddddddddddddddddddddddddddddddddddddddddddddddddddddddddddddddddddddddddddddddddddddddddddddddddddddddddddddddddd|
d.aaa.ddddddd..aa.ddddd..aa.dddddd..a.ddddd..a.ddd..a.dddd..a.dddd..aaa.dddd...............................................................d|
dddddddddddddddddddddddddddddddddddddddddddddddddddddddddddddddddddddddddddddddddddddddddddddddddddddddddddddddddddddddddddddddddddddddddddd|
