╭─ rival · config ────────────────────────────────────── ~/.rival/config.yaml ─╮|
│ 1 Proxy  2 Models  3 Review  4 Check                                         │|
│                                                                              │|
│  ▸ Security reviewer   ‹ k3 › ←→   Kimi K3 through OpenCode                  │|
│                        the model behind rival command security               │|
│    Auto-fix crit/high  ○ off   skills fix confirmed critical/high            │|
│                                                                              │|
│  ROLE PROMPTS   read-only                                                    │|
│    reviewer    29 chars  Review like a staff engineer.                       │|
│    edit roles: in ~/.rival/config.yaml                                       │|
│                                                                              │|
│                                                                              │|
│                                                                              │|
│                                                                              │|
│                                                                              │|
│                                                                              │|
│                                                                              │|
│                                                                              │|
│                                                                              │|
├──────────────────────────────────────────────────────────────────────────────┤|
│  CHECK  not run · c checks the draft                     ● online · 6 models │|
├──────────────────────────────────────────────────────────────────────────────┤|
│ tab section  ↑↓ field  ←→ choose  c check  a all  s save  ? help  esc back   │|
╰──────────────────────────────────────────────────────────────────────────────╯|
-- styles --
dddgggggdddTTTTTTddddddddddddddddddddddddddddddddddddddddddddddddddddddddddddddd|
d.dddddddddddddddddddAAAAAAAAddddddddd.........................................d|
d..............................................................................d|
d.????????????????????????????????????????????????????????????????????????????.d|
d........................ddddddddddddddddddddddddddddddddddddddd...............d|
d....dddddddddddddddddddddddddddddddddddddddddddddddddddddddddddddd............d|
d..............................................................................d|
d..DDDDDDDDDDDDdddddddddddd....................................................d|
d..ttttttttttttttddddddddddddddddddddddddddddddddddddddd.......................d|
d..dddddddddddddddddtttttttttttttttttttt.......................................d|
d..............................................................................d|
d..............................................................................d|
d..............................................................................d|
d..............................................................................d|
d..............................................................................d|
d..............................................................................d|
d..............................................................................d|
d..............................................................................d|
d..............................................................................d|
dddddddddddddddddddddddddddddddddddddddddddddddddddddddddddddddddddddddddddddddd|
d..DDDDD..ddddddddddaddddddddddddddddd.....................aaaaaaaaddddddddddd.d|
dddddddddddddddddddddddddddddddddddddddddddddddddddddddddddddddddddddddddddddddd|
d.aaa.ddddddd..aa.ddddd..aa.dddddd..a.ddddd..a.ddd..a.dddd..a.dddd..aaa.dddd...d|
dddddddddddddddddddddddddddddddddddddddddddddddddddddddddddddddddddddddddddddddd|
