╭─ rival · config ────────────────────────────────────── ~/.rival/config.yaml ─╮|
│ 1 Proxy  2 Models  3 Review  4 Check                                         │|
│                                                                              │|
│  ▸ Claude via proxy    ● on    Opus, Fable go through the proxy              │|
│                        space or ←→ switches it                               │|
│    Codex via proxy     ● on    Codex, Sol go through the proxy               │|
│    URL                 http://127.0.0.1:8317             ● online · 6 models │|
│    Key                 ••••••••a91f   ~/.rival/proxy.key  0600 ✓             │|
│    Claude prefix       ‹ emcd2_ ›   also: emcd_                              │|
│    Codex prefix        ‹ none ›                                              │|
│                                                                              │|
│  REQUESTS GO TO                                                              │|
│    codex  Codex      proxy   → gpt-6-astra                                   │|
│    sol    Sol 6.1    proxy   → gpt-6.1-sol                                   │|
│    claude Opus 5.5   proxy   → emcd2_/claude-opus-5-5                        │|
│    fable  Fable 5.1  proxy   → emcd2_/claude-fable-5-1                       │|
│                                                                              │|
│                                                                              │|
│                                                                              │|
├──────────────────────────────────────────────────────────────────────────────┤|
│  CHECK  not run · c checks the draft                     ● online · 6 models │|
├──────────────────────────────────────────────────────────────────────────────┤|
│ tab section  ↑↓ field  space toggle  c check  s save  ? help  esc back       │|
╰──────────────────────────────────────────────────────────────────────────────╯|
-- styles --
dddgggggdddTTTTTTddddddddddddddddddddddddddddddddddddddddddddddddddddddddddddddd|
d.AAAAAAAddddddddddddddddddddddddddddd.........................................d|
d..............................................................................d|
d.????????????????????????????????????????????????????????????????????????????.d|
d........................ddddddddddddddddddddddd...............................d|
d....ddddddddddddddddddddaaaaadddddddddddddddddddddddddddddddddd...............d|
d....ddddddddddddddddddddTTTTTTTTTTTTTTTTTTTTT.............aaaaaaaaddddddddddd.d|
d....ddddddddddddddddddddTTTTTTTTTTTTdddddddddddddddddddddaaaaaaaa.............d|
d....ddddddddddddddddddddddTTTTTTdddddddddddddddd..............................d|
d....ddddddddddddddddddddddTTTTdd..............................................d|
d..............................................................................d|
d..DDDDDDDDDDDDDD..............................................................d|
d....tttttttdddddddddddaaaaaaddddTTTTTTTTTTT...................................d|
d....tttttttdddddddddddaaaaaaddddTTTTTTTTTTT...................................d|
d....tttttttdddddddddddaaaaaaddddTTTTTTTTTTTTTTTTTTTTTT........................d|
d....tttttttdddddddddddaaaaaaddddTTTTTTTTTTTTTTTTTTTTTTT.......................d|
d..............................................................................d|
d..............................................................................d|
d..............................................................................d|
dddddddddddddddddddddddddddddddddddddddddddddddddddddddddddddddddddddddddddddddd|
d..DDDDD..ddddddddddaddddddddddddddddd.....................aaaaaaaaddddddddddd.d|
dddddddddddddddddddddddddddddddddddddddddddddddddddddddddddddddddddddddddddddddd|
d.aaa.ddddddd..aa.ddddd..aaaaa.dddddd..a.ddddd..a.dddd..a.dddd..aaa.dddd.......d|
dddddddddddddddddddddddddddddddddddddddddddddddddddddddddddddddddddddddddddddddd|
