╭─ rival · config ───┬────────────────────────────────────────────────────────────────────────────────────────────── ~/.rival/config.yaml ─╮|
│                    │  PROXY   Claude and Codex through CLIProxyAPI                                                                       │|
│ ▸ Proxy            │                                                                                                                     │|
│   Models           │  ▸ Claude via proxy    ● on    Opus, Fable go through the proxy                                                     │|
│   Review           │                        space or ←→ switches it                                                                      │|
│   Check            │    Codex via proxy     ● on    Codex, Sol go through the proxy                                                      │|
│                    │    URL                 http://127.0.0.1:8317                                                    ● online · 6 models │|
│                    │    Key                 ••••••••a91f   ~/.rival/proxy.key  0600 ✓                                                    │|
│                    │    Claude prefix       ‹ emcd2_ ›   also: emcd_                                                                     │|
│                    │    Codex prefix        ‹ none ›                                                                                     │|
│                    │                                                                                                                     │|
│                    │  REQUESTS GO TO                                                                                                     │|
│                    │    codex  Codex      proxy   → gpt-6-astra                                                                          │|
│                    │    sol    Sol 6.1    proxy   → gpt-6.1-sol                                                                          │|
│                    │    claude Opus 5.5   proxy   → emcd2_/claude-opus-5-5                                                               │|
│                    │    fable  Fable 5.1  proxy   → emcd2_/claude-fable-5-1                                                              │|
│                    │                                                                                                                     │|
│                    │                                                                                                                     │|
│                    │                                                                                                                     │|
│                    │                                                                                                                     │|
│                    │                                                                                                                     │|
│                    │                                                                                                                     │|
│                    │                                                                                                                     │|
│                    │                                                                                                                     │|
│                    │                                                                                                                     │|
│                    │                                                                                                                     │|
│                    │                                                                                                                     │|
│                    │                                                                                                                     │|
│                    │                                                                                                                     │|
│                    │                                                                                                                     │|
│                    │                                                                                                                     │|
│                    │                                                                                                                     │|
│                    │                                                                                                                     │|
│                    │                                                                                                                     │|
├────────────────────┴─────────────────────────────────────────────────────────────────────────────────────────────────────────────────────┤|
│  CHECK   ● online · 6 models                                                                                                             │|
│  not run yet · c checks the default models on the draft, a every model                                                                   │|
├──────────────────────────────────────────────────────────────────────────────────────────────────────────────────────────────────────────┤|
│ tab section  ↑↓ field  space toggle  c check  a all  s save  ? help  esc back                                                            │|
╰──────────────────────────────────────────────────────────────────────────────────────────────────────────────────────────────────────────╯|
-- styles --
dddgggggdddTTTTTTddddddddddddddddddddddddddddddddddddddddddddddddddddddddddddddddddddddddddddddddddddddddddddddddddddddddddddddddddddddddddd|
d....................d..gggggddddddddddddddddddddddddddddddddddddddd.......................................................................d|
dSSSSSSSSSSSSSSSSSSS.d.....................................................................................................................d|
d.ddtttttt...........d.???????????????????????????????????????????????????????????????????????????????????????????????????????????????????.d|
d.ddtttttt...........d........................ddddddddddddddddddddddd......................................................................d|
d.ddttttt............d....ddddddddddddddddddddaaaaadddddddddddddddddddddddddddddddddd......................................................d|
d....................d....ddddddddddddddddddddTTTTTTTTTTTTTTTTTTTTT....................................................aaaaaaaaddddddddddd.d|
d....................d....ddddddddddddddddddddTTTTTTTTTTTTdddddddddddddddddddddaaaaaaaa....................................................d|
d....................d....ddddddddddddddddddddddTTTTTTdddddddddddddddd.....................................................................d|
d....................d....ddddddddddddddddddddddTTTTdd.....................................................................................d|
d....................d.....................................................................................................................d|
d....................d..DDDDDDDDDDDDDD.....................................................................................................d|
d....................d....tttttttdddddddddddaaaaaaddddTTTTTTTTTTT..........................................................................d|
d....................d....tttttttdddddddddddaaaaaaddddTTTTTTTTTTT..........................................................................d|
d....................d....tttttttdddddddddddaaaaaaddddTTTTTTTTTTTTTTTTTTTTTT...............................................................d|
d....................d....tttttttdddddddddddaaaaaaddddTTTTTTTTTTTTTTTTTTTTTTT..............................................................d|
d....................d.....................................................................................................................d|
d....................d.....................................................................................................................d|
d....................d.....................................................................................................................d|
d....................d.....................................................................................................................d|
d....................d.....................................................................................................................d|
d....................d.....................................................................................................................d|
d....................d.....................................................................................................................d|
d....................d.....................................................................................................................d|
d....................d.....................................................................................................................d|
d....................d.....................................................................................................................d|
d....................d.....................................................................................................................d|
d....................d.....................................................................................................................d|
d....................d.....................................................................................................................d|
d....................d.....................................................................................................................d|
d....................d.....................................................................................................................d|
d....................d.....................................................................................................................d|
d....................d.....................................................................................................................d|
d....................d.....................................................................................................................d|
dddddddddddddddddddddddddddddddddddddddddddddddddddddddddddddddddddddddddddddddddddddddddddddddddddddddddddddddddddddddddddddddddddddddddddd|
d..DDDDD...aaaaaaaaddddddddddd.............................................................................................................d|
d..ddddddddddddddadddddddddddddddddddddddddddddddddddddddddadddddddddddd...................................................................d|
dddddddddddddddddddddddddddddddddddddddddddddddddddddddddddddddddddddddddddddddddddddddddddddddddddddddddddddddddddddddddddddddddddddddddddd|
d.aaa.ddddddd..aa.ddddd..aaaaa.dddddd..a.ddddd..a.ddd..a.dddd..a.dddd..aaa.dddd............................................................d|
dddddddddddddddddddddddddddddddddddddddddddddddddddddddddddddddddddddddddddddddddddddddddddddddddddddddddddddddddddddddddddddddddddddddddddd|
