╭─ rival · config ───┬────────────────────────────────────────────────────────────────────────────────────────────── ~/.rival/config.yaml ─╮|
│                    │  MODELS   efforts and the plan review defaults                                                                      │|
│   Proxy            │                                                                                                                     │|
│ ▸ Models           │    MODEL   RUNTIME      ROUTE   EFFORT       PLAN                                                                   │|
│   Review           │    codex   Codex CLI    proxy     xhigh      [■]                                                                    │|
│   Check            │    sol     Codex CLI    proxy     xhigh      [ ]                                                                    │|
│                    │  ▸ claude  Claude Code  proxy   ‹ medium ›   [ ]                                                                    │|
│                    │    fable   Claude Code  proxy     medium     [ ]                                                                    │|
│                    │    k3      OpenCode     direct    max fixed   —                                                                     │|
│                    │    grok    grok CLI     direct    high        —   not installed                                                     │|
│                    │                                                                                                                     │|
│                    │    Opus 5.5 sends emcd2_/claude-opus-5-5                                                                            │|
│                    │    PLAN marks what rival command plan runs without -m                                                               │|
│                    │                                                                                                                     │|
│                    │                                                                                                                     │|
│                    │                                                                                                                     │|
│                    │                                                                                                                     │|
│                    │                                                                                                                     │|
│                    │                                                                                                                     │|
│                    │                                                                                                                     │|
│                    │                                                                                                                     │|
│                    │                                                                                                                     │|
│                    │                                                                                                                     │|
│                    │                                                                                                                     │|
│                    │                                                                                                                     │|
│                    │                                                                                                                     │|
│                    │                                                                                                                     │|
│                    │                                                                                                                     │|
│                    │                                                                                                                     │|
│                    │                                                                                                                     │|
│                    │                                                                                                                     │|
│                    │                                                                                                                     │|
│                    │                                                                                                                     │|
│                    │                                                                                                                     │|
├────────────────────┴─────────────────────────────────────────────────────────────────────────────────────────────────────────────────────┤|
│  CHECK   ● online · 6 models                                                                                                             │|
│  not run yet · c checks the default models on the draft, a every model                                                                   │|
├──────────────────────────────────────────────────────────────────────────────────────────────────────────────────────────────────────────┤|
│ tab section  ↑↓ field  ←→ effort  space plan  c check  a all  s save  ? help  esc back                                                   │|
╰──────────────────────────────────────────────────────────────────────────────────────────────────────────────────────────────────────────╯|
-- styles --
dddgggggdddTTTTTTddddddddddddddddddddddddddddddddddddddddddddddddddddddddddddddddddddddddddddddddddddddddddddddddddddddddddddddddddddddddddd|
d....................d..ggggggddddddddddddddddddddddddddddddddddddddd......................................................................d|
d.ddttttt............d.....................................................................................................................d|
dSSSSSSSSSSSSSSSSSSS.d..DDDDDDDDDDDDDDDDDDDDDDDDDDDDDDDDDDDDDDDDDDDDDDDD...................................................................d|
d.ddtttttt...........d....tttttttttttttttttttttaaaaaaaatttttttttttttaaa....................................................................d|
d.ddttttt............d....tttttttttttttttttttttaaaaaaaatttttttttttttddd....................................................................d|
d....................d.???????????????????????????????????????????????????????????????????????????????????????????????????????????????????.d|
d....................d....tttttttttttttttttttttaaaaaaaatttttttttttttddd....................................................................d|
d....................d....tttttttttttttttttttttdddddddddddddddddddddddd....................................................................d|
d....................d....dddddddddddddddddddddddddddddtttttttttttttdddddddddddddddddd.....................................................d|
d....................d.....................................................................................................................d|
d....................d..tttttttttttddddddTTTTTTTTTTTTTTTTTTTTTT............................................................................d|
d....................d..dddddddddddddddddddddddddddddddddddddddddddddddddddd...............................................................d|
d....................d.....................................................................................................................d|
d....................d.....................................................................................................................d|
d....................d.....................................................................................................................d|
d....................d.....................................................................................................................d|
d....................d.....................................................................................................................d|
d....................d.....................................................................................................................d|
d....................d.....................................................................................................................d|
d....................d.....................................................................................................................d|
d....................d.....................................................................................................................d|
d....................d.....................................................................................................................d|
d....................d.....................................................................................................................d|
d....................d.....................................................................................................................d|
d....................d.....................................................................................................................d|
d....................d.....................................................................................................................d|
d....................d.....................................................................................................................d|
d....................d.....................................................................................................................d|
d....................d.....................................................................................................................d|
d....................d.....................................................................................................................d|
d....................d.....................................................................................................................d|
d....................d.....................................................................................................................d|
d....................d.....................................................................................................................d|
dddddddddddddddddddddddddddddddddddddddddddddddddddddddddddddddddddddddddddddddddddddddddddddddddddddddddddddddddddddddddddddddddddddddddddd|
d..DDDDD...aaaaaaaaddddddddddd.............................................................................................................d|
d..ddddddddddddddadddddddddddddddddddddddddddddddddddddddddadddddddddddd...................................................................d|
dddddddddddddddddddddddddddddddddddddddddddddddddddddddddddddddddddddddddddddddddddddddddddddddddddddddddddddddddddddddddddddddddddddddddddd|
d.aaa.ddddddd..aa.ddddd..aa.dddddd..aaaaa.dddd..a.ddddd..a.ddd..a.dddd..a.dddd..aaa.dddd...................................................d|
dddddddddddddddddddddddddddddddddddddddddddddddddddddddddddddddddddddddddddddddddddddddddddddddddddddddddddddddddddddddddddddddddddddddddddd|
