rival  ⠋ 2 running  ◌ 0 queued  ✓ 1  ✗ 0  3 sessions  3.34.0                                        |
 rival › orbit-web › mega grp00000                                        ⠋ running 5m0s   follow ● |
 1 Result  2 Raw  3 Prompt  4 Info                                     [ gpt-5.5 ] gemini-3.1 judge |
────────────────────────────────────────────────────────────────────────────────────────────────────|
GPT55-OUTPUT                                                                                        |
                                                                                                    |
                                                                                                    |
                                                                                                    |
                                                                                                    |
                                                                                                    |
                                                                                                    |
                                                                                                    |
                                                                                                    |
                                                                                                    |
                                                                                                    |
                                                                                                    |
                                                                                                    |
                                                                                                    |
                                                                                                    |
                                                                                                    |
                                                                                                    |
────────────────────────────────────────────────────────────────────────────────────────────────────|
 lines 1-1 of 1                                                                                     |
1-4 tab · [/] member · f follow · / search · o open log · x stop · esc back · ? more                |
-- styles --
ggggg..rrrrrrrrrrr..qqqqqqqqqq..ccc..fff..dddddddddd..dddddd........................................|
.gggggdddtttttttttdddttttttttttttt........................................rrrrrrrrrrrrrr...dddddddt.|
.dddddddd..AAAAA..dddddddd..dddddd.....................................AAAAAAAAAAA.dddddddddd.ddddd.|
dddddddddddddddddddddddddddddddddddddddddddddddddddddddddddddddddddddddddddddddddddddddddddddddddddd|
....................................................................................................|
....................................................................................................|
....................................................................................................|
....................................................................................................|
....................................................................................................|
....................................................................................................|
....................................................................................................|
....................................................................................................|
....................................................................................................|
....................................................................................................|
....................................................................................................|
....................................................................................................|
....................................................................................................|
....................................................................................................|
....................................................................................................|
....................................................................................................|
....................................................................................................|
dddddddddddddddddddddddddddddddddddddddddddddddddddddddddddddddddddddddddddddddddddddddddddddddddddd|
dddddddddddddddddddddddddddddddddddddddddddddddddddddddddddddddddddddddddddddddddddddddddddddddddddd|
ttt.ddddddttt.dddddddddt.dddddddddt.dddddddddt.dddddddddddt.dddddddttt.dddddddt.dddd................|
