rival  ● 0 running  ◌ 0 queued  ✓ 1  ✗ 0  1 sessions  3.34.0                                        |
 rival › - › review search00                                              ✓ completed 1m   follow ○ |
 1 Result  2 Raw  3 Prompt  4 Info                                                                  |
────────────────────────────────────────────────────────────────────────────────────────────────────|
line 45 plain                                                                                       |
line 46 plain                                                                                       |
line 47 plain                                                                                       |
line 48 plain                                                                                       |
line 49 plain                                                                                       |
line 50 has a Fingerprint in it                                                                     |
line 51 plain                                                                                       |
line 52 plain                                                                                       |
line 53 plain                                                                                       |
line 54 plain                                                                                       |
line 55 plain                                                                                       |
line 56 plain                                                                                       |
line 57 plain                                                                                       |
line 58 plain                                                                                       |
line 59 plain                                                                                       |
line 60 plain                                                                                       |
line 61 plain                                                                                       |
────────────────────────────────────────────────────────────────────────────────────────────────────|
 /fingerprint  2/3 matches · n next · N prev · esc clear                                            |
1-4 tab · [/] member · f follow · / search · o open log · x stop · esc back · ? more                |
-- styles --
ggggg..rrrrrrrrrrr..qqqqqqqqqq..ccc..fff..dddddddddd..dddddd........................................|
.gggggdddtdddttttttttttttttt..............................................cccccccccccccc...dddddddt.|
.dddddddd..AAAAA..dddddddd..dddddd..................................................................|
dddddddddddddddddddddddddddddddddddddddddddddddddddddddddddddddddddddddddddddddddddddddddddddddddddd|
....................................................................................................|
....................................................................................................|
....................................................................................................|
....................................................................................................|
....................................................................................................|
..............MMMMMMMMMMM...........................................................................|
....................................................................................................|
....................................................................................................|
....................................................................................................|
....................................................................................................|
....................................................................................................|
....................................................................................................|
....................................................................................................|
....................................................................................................|
....................................................................................................|
....................................................................................................|
....................................................................................................|
dddddddddddddddddddddddddddddddddddddddddddddddddddddddddddddddddddddddddddddddddddddddddddddddddddd|
.tttttttttttt..tttttttttttdddddddddddddddddddddddddddddd............................................|
ttt.ddddddttt.dddddddddt.dddddddddt.dddddddddt.dddddddddddt.dddddddttt.dddddddt.dddd................|
