         _             __                                                                                               |
   _____(_)   ______ _/ /                                                                        ⠋ 2 running  ◌ 0 queued|
  / ___/ / | / / __ `/ /                                                                         ✓ 0  ✗ 0               |
 / /  / /| |/ / /_/ / /                                                                          2 sessions  3.34.0     |
/_/  /_/ |___/\__,_/_/                                                                                                  |
 rival › ledger › mega stopgrp0                                                               ⠋ running 3m0s   follow ● |
 1 Result  2 Raw  3 Prompt  4 Info                                                               [ gpt-5.5 ] gemini-3.1 |
────────────────────────────────────────────────────────────────────────────────────────────────────────────────────────|
gpt-5.5 reviewing                                                                                                       |
                                                                                                                        |
                                                                                                                        |
                                                                                                                        |
                                                                                                                        |
                                                                                                                        |
                                                                                                                        |
                                                                                                                        |
                                                                                                                        |
                                                                                                                        |
                                                                                                                        |
                                                                                                                        |
                                                                                                                        |
                                                                                                                        |
                                                                                                                        |
                                                                                                                        |
                                                                                                                        |
                                                                                                                        |
                                                                                                                        |
                                                                                                                        |
                                                                                                                        |
                                                                                                                        |
                                                                                                                        |
                                                                                                                        |
                                                                                                                        |
                                                                                                                        |
                                                                                                                        |
                                                                                                                        |
                                                                                                                        |
────────────────────────────────────────────────────────────────────────────────────────────────────────────────────────|
 stop 2 running sessions? y/n                                                                                           |
y yes · n/esc no                                                                                                        |
-- styles --
.........g.............gg...............................................................................................|
...gggggggg...gggggg.gg.g........................................................................rrrrrrrrrrr..qqqqqqqqqq|
..g.gggg.g.g.g.g.gg.gg.g.........................................................................ccc..fff...............|
.g.g..g.gg.gg.g.ggg.g.g..........................................................................dddddddddd..dddddd.....|
ggg..ggg.ggggggggggggg..................................................................................................|
.gggggdddttttttdddttttttttttttt...............................................................rrrrrrrrrrrrrr...dddddddt.|
.dddddddd..AAAAA..dddddddd..dddddd...............................................................AAAAAAAAAAA.dddddddddd.|
dddddddddddddddddddddddddddddddddddddddddddddddddddddddddddddddddddddddddddddddddddddddddddddddddddddddddddddddddddddddd|
........................................................................................................................|
........................................................................................................................|
........................................................................................................................|
........................................................................................................................|
........................................................................................................................|
........................................................................................................................|
........................................................................................................................|
........................................................................................................................|
........................................................................................................................|
........................................................................................................................|
........................................................................................................................|
........................................................................................................................|
........................................................................................................................|
........................................................................................................................|
........................................................................................................................|
........................................................................................................................|
........................................................................................................................|
........................................................................................................................|
........................................................................................................................|
........................................................................................................................|
........................................................................................................................|
........................................................................................................................|
........................................................................................................................|
........................................................................................................................|
........................................................................................................................|
........................................................................................................................|
........................................................................................................................|
........................................................................................................................|
........................................................................................................................|
dddddddddddddddddddddddddddddddddddddddddddddddddddddddddddddddddddddddddddddddddddddddddddddddddddddddddddddddddddddddd|
.rrrrrrrrrrrrrrrrrrrrrrrrrrrr...........................................................................................|
t.ddddddttttt.dd........................................................................................................|
