         _             __                                                                           |
   _____(_)   ______ _/ /                                                    ● 0 running  ◌ 0 queued|
  / ___/ / | / / __ `/ /                                                     ✓ 0  ✗ 1               |
 / /  / /| |/ / /_/ / /                                                      1 sessions  3.34.0     |
/_/  /_/ |___/\__,_/_/                                                                              |
 rival › orbit-web › review abcdef01                                      ✗ failed 1m30s   follow ● |
 1 Result  2 Raw  3 Prompt  4 Info                                                                  |
────────────────────────────────────────────────────────────────────────────────────────────────────|
Review the fingerprint re-key.                                                                      |
                                                                                                    |
    Check every caller every caller every caller every caller every caller every caller every caller|
every caller every caller every caller every caller every caller  and report.                       |
                                                                                                    |
                                                                                                    |
                                                                                                    |
                                                                                                    |
                                                                                                    |
                                                                                                    |
                                                                                                    |
                                                                                                    |
                                                                                                    |
                                                                                                    |
                                                                                                    |
                                                                                                    |
                                                                                                    |
                                                                                                    |
                                                                                                    |
────────────────────────────────────────────────────────────────────────────────────────────────────|
 lines 1-4 of 4                                                                                     |
1-4 tab · [/] member · f follow · / search · o open log · x stop · esc back · ? more                |
-- styles --
.........g.............gg...........................................................................|
...gggggggg...gggggg.gg.g....................................................rrrrrrrrrrr..qqqqqqqqqq|
..g.gggg.g.g.g.g.gg.gg.g.....................................................ccc..fff...............|
.g.g..g.gg.gg.g.ggg.g.g......................................................dddddddddd..dddddd.....|
ggg..ggg.ggggggggggggg..............................................................................|
.gggggdddtttttttttdddttttttttttttttt......................................ffffffffffffff...dddddddt.|
.dddddddd..ddddd..AAAAAAAA..dddddd..................................................................|
dddddddddddddddddddddddddddddddddddddddddddddddddddddddddddddddddddddddddddddddddddddddddddddddddddd|
....................................................................................................|
....................................................................................................|
....................................................................................................|
....................................................................................................|
....................................................................................................|
....................................................................................................|
....................................................................................................|
....................................................................................................|
....................................................................................................|
....................................................................................................|
....................................................................................................|
....................................................................................................|
....................................................................................................|
....................................................................................................|
....................................................................................................|
....................................................................................................|
....................................................................................................|
....................................................................................................|
....................................................................................................|
dddddddddddddddddddddddddddddddddddddddddddddddddddddddddddddddddddddddddddddddddddddddddddddddddddd|
dddddddddddddddddddddddddddddddddddddddddddddddddddddddddddddddddddddddddddddddddddddddddddddddddddd|
ttt.ddddddttt.dddddddddt.dddddddddt.dddddddddt.dddddddddddt.dddddddttt.dddddddt.dddd................|
