rival  ● 0 running  ◌ 0 queued  ✓ 0  ✗ 0  0 sessions  3.34.0                                        |
 ALL 0   RUNNING 0   FAILED 0   DONE 0                                                     / filter |
 ST  KIND     MODEL                EFF     TIME    PROJECT                                          |
 No sessions yet. Run rival to get started.                                                         |
                                                                                                    |
                                                                                                    |
                                                                                                    |
                                                                                                    |
                                                                                                    |
                                                                                                    |
                                                                                                    |
                                                                                                    |
                                                                                                    |
                                                                                                    |
                                                                                                    |
                                                                                                    |
                                                                                                    |
                                                                                                    |
                                                                                                    |
                                                                                                    |
                                                                                                    |
                                                                                                    |
 0 runs                                                                                             |
↑/k up · ↓/j down · n/p page · enter open · / filter · tab status · ? more · q quit                 |
-- styles --
ggggg..rrrrrrrrrrr..qqqqqqqqqq..ccc..fff..dddddddddd..dddddd........................................|
.AAAAA...ddddddddd...dddddddd...dddddd.....................................................dddddddd.|
DDDDDDDDDDDDDDDDDDDDDDDDDDDDDDDDDDDDDDDDDDDDDDDDDDDDDDDDDDDDDDDDDDDDDDDDDDDDDDDDDDDDDDDDDDDDDDDDDDDD|
dddddddddddddddddddddddddddddddddddddddddddddddddddddddddddddddddddddddddddddddddddddddddddddddddddd|
....................................................................................................|
....................................................................................................|
....................................................................................................|
....................................................................................................|
....................................................................................................|
....................................................................................................|
....................................................................................................|
....................................................................................................|
....................................................................................................|
....................................................................................................|
....................................................................................................|
....................................................................................................|
....................................................................................................|
....................................................................................................|
....................................................................................................|
....................................................................................................|
....................................................................................................|
....................................................................................................|
dddddddddddddddddddddddddddddddddddddddddddddddddddddddddddddddddddddddddddddddddddddddddddddddddddd|
ttt.dddddttt.dddddddttt.dddddddttttt.dddddddt.dddddddddttt.dddddddddt.dddddddt.dddd.................|
