rival  ⠋ 1 running  ◌ 1 queued  ✓ 45  ✗ 22  69 sessions  3.34.0                                     |
 ALL 1   RUNNING 1   FAILED 0   DONE 0                                                     / orbit  |
 ST  KIND     MODEL                EFF     TIME    PROJECT                                          |
 TODAY                                                                                              |
 ⠋   review   gpt-6-astra          xhigh   3m7s    orbit-web                                        |
                                                                                                    |
                                                                                                    |
                                                                                                    |
                                                                                                    |
                                                                                                    |
                                                                                                    |
                                                                                                    |
                                                                                                    |
                                                                                                    |
                                                                                                    |
                                                                                                    |
                                                                                                    |
                                                                                                    |
                                                                                                    |
                                                                                                    |
                                                                                                    |
                                                                                                    |
 1 run                                                                                              |
enter keep filter · esc clear                                                                       |
-- styles --
ggggg..rrrrrrrrrrr..qqqqqqqqqq..cccc..ffff..ddddddddddd..dddddd.....................................|
.AAAAA...ddddddddd...dddddddd...dddddd.....................................................aatttttC.|
DDDDDDDDDDDDDDDDDDDDDDDDDDDDDDDDDDDDDDDDDDDDDDDDDDDDDDDDDDDDDDDDDDDDDDDDDDDDDDDDDDDDDDDDDDDDDDDDDDDD|
DDDDDDDDDDDDDDDDDDDDDDDDDDDDDDDDDDDDDDDDDDDDDDDDDDDDDDDDDDDDDDDDDDDDDDDDDDDDDDDDDDDDDDDDDDDDDDDDDDDD|
SSSSSSSSSSSSSSSSSSSSSSSSSSSSSSSSSSSSSSSSSSSSSSSSSSSSSSSSSSSSSSSSSSSSSSSSSSSSSSSSSSSSSSSSSSSSSSSSSSSS|
....................................................................................................|
....................................................................................................|
....................................................................................................|
....................................................................................................|
....................................................................................................|
....................................................................................................|
....................................................................................................|
....................................................................................................|
....................................................................................................|
....................................................................................................|
....................................................................................................|
....................................................................................................|
....................................................................................................|
....................................................................................................|
....................................................................................................|
....................................................................................................|
....................................................................................................|
dddddddddddddddddddddddddddddddddddddddddddddddddddddddddddddddddddddddddddddddddddddddddddddddddddd|
ttttt.ddddddddddddddttt.ddddd.......................................................................|
