rival  ⠋ … running  ◌ … queued  ✓ …  ✗ …  … sessions  3.34.0                                        |
 ALL …   RUNNING …   FAILED …   DONE …                                                     / filter |
                                                                                                    |
                                                                                                    |
                                                                                                    |
                                                                                                    |
                                                                                                    |
                                                                                                    |
                                                                                                    |
                                                                                                    |
                                                                                                    |
                                    ⠋ reading sessions 1240/2999                                    |
                                                                                                    |
                          ████████████████████░░░░░░░░░░░░░░░░░░░░░░░░░░░░                          |
                                                                                                    |
                                                                                                    |
                                                                                                    |
                                                                                                    |
                                                                                                    |
                                                                                                    |
                                                                                                    |
                                                                                                    |
                                                                                                    |
↑/k up · ↓/j down · n/p page · enter open · / filter · tab status · ? more · q quit                 |
-- styles --
ggggg..rrrrrrrrrrr..qqqqqqqqqq..ccc..fff..dddddddddd..dddddd........................................|
.AAAAA...ddddddddd...dddddddd...dddddd.....................................................dddddddd.|
....................................................................................................|
....................................................................................................|
....................................................................................................|
....................................................................................................|
....................................................................................................|
....................................................................................................|
....................................................................................................|
....................................................................................................|
....................................................................................................|
....................................r.tttttttttttttttttttttttttt....................................|
....................................................................................................|
..........................ggggggggggggggggggggdddddddddddddddddddddddddddd..........................|
....................................................................................................|
....................................................................................................|
....................................................................................................|
....................................................................................................|
....................................................................................................|
....................................................................................................|
....................................................................................................|
....................................................................................................|
....................................................................................................|
ttt.dddddttt.dddddddttt.dddddddttttt.dddddddt.dddddddddttt.dddddddddt.dddddddt.dddd.................|
